// Jest Snapshot v1, https://goo.gl/fbAQLP

exports[`transform debug 1`] = `
"//console.log("Hello World");
;"
`;

exports[`transform debug 2`] = `"console.log("Hello World");"`;
